true
""
CHECK_BEGIN

"Check of Cooling completed successfully.
Class Cooling has 1 equation(s) and 1 variable(s).
1 of these are trivial equation(s)."
""
CHECK_END

record SimulationResult
    resultFile = "/work/cooling_res.csv",
    simulationOptions = "startTime = 0.0, stopTime = 300.0, numberOfIntervals = 300, tolerance = 1e-7, method = 'dassl', fileNamePrefix = 'cooling', options = '', outputFormat = 'csv', variableFilter = '.*', cflags = '', simflags = ''",
    messages = "LOG_SUCCESS       | info    | The initialization finished successfully without homotopy method.
LOG_SUCCESS       | info    | The simulation finished successfully.
",
    timeFrontend = 6.215000000000001e-4,
    timeBackend = 0.0028865,
    timeSimCode = 6.71542e-4,
    timeTemplates = 0.001830875,
    timeCompile = 2.582804126,
    timeSimulation = 0.005544416,
    timeTotal = 2.594466959
end SimulationResult;
""
record SimulationResult
    resultFile = "/work/validation_res.csv",
    simulationOptions = "startTime = 0.0, stopTime = 300.0, numberOfIntervals = 300, tolerance = 1e-7, method = 'dassl', fileNamePrefix = 'validation', options = '', outputFormat = 'csv', variableFilter = '.*', cflags = '', simflags = '-override=C=2000,G=5'",
    messages = "LOG_SUCCESS       | info    | The initialization finished successfully without homotopy method.
LOG_SUCCESS       | info    | The simulation finished successfully.
",
    timeFrontend = 8.27667e-4,
    timeBackend = 9.27583e-4,
    timeSimCode = 1.8066700000000002e-4,
    timeTemplates = 8.33333e-4,
    timeCompile = 2.2783104180000002,
    timeSimulation = 0.005668791,
    timeTotal = 2.286798751
end SimulationResult;
""
