true
""
CHECK_BEGIN

"Check of Cooling completed successfully.
Class Cooling has 1 equation(s) and 1 variable(s).
1 of these are trivial equation(s)."
""
CHECK_END

record SimulationResult
    resultFile = "/work/cooling_res.csv",
    simulationOptions = "startTime = 0.0, stopTime = 300.0, numberOfIntervals = 300, tolerance = 1e-7, method = 'dassl', fileNamePrefix = 'cooling', options = '', outputFormat = 'csv', variableFilter = '.*', cflags = '', simflags = ''",
    messages = "LOG_SUCCESS       | info    | The initialization finished successfully without homotopy method.
LOG_SUCCESS       | info    | The simulation finished successfully.
",
    timeFrontend = 6.51834e-4,
    timeBackend = 9.622090000000001e-4,
    timeSimCode = 2.6704100000000003e-4,
    timeTemplates = 9.341670000000001e-4,
    timeCompile = 2.036011167,
    timeSimulation = 0.0056022500000000005,
    timeTotal = 2.044479293
end SimulationResult;
""
