true
""
CHECK_BEGIN

"Check of Cooling completed successfully.
Class Cooling has 1 equation(s) and 1 variable(s).
1 of these are trivial equation(s)."
""
CHECK_END

record SimulationResult
    resultFile = "/work/cooling_res.csv",
    simulationOptions = "startTime = 0.0, stopTime = 300.0, numberOfIntervals = 300, tolerance = 1e-7, method = 'dassl', fileNamePrefix = 'cooling', options = '', outputFormat = 'csv', variableFilter = '.*', cflags = '', simflags = ''",
    messages = "LOG_SUCCESS       | info    | The initialization finished successfully without homotopy method.
LOG_SUCCESS       | info    | The simulation finished successfully.
",
    timeFrontend = 5.66042e-4,
    timeBackend = 8.143330000000001e-4,
    timeSimCode = 2.4337500000000002e-4,
    timeTemplates = 9.123340000000001e-4,
    timeCompile = 2.010328876,
    timeSimulation = 0.006078834,
    timeTotal = 2.018999584
end SimulationResult;
""
record SimulationResult
    resultFile = "/work/validation_res.csv",
    simulationOptions = "startTime = 0.0, stopTime = 300.0, numberOfIntervals = 300, tolerance = 1e-7, method = 'dassl', fileNamePrefix = 'validation', options = '', outputFormat = 'csv', variableFilter = '.*', cflags = '', simflags = '-override=C=2000,G=5'",
    messages = "LOG_SUCCESS       | info    | The initialization finished successfully without homotopy method.
LOG_SUCCESS       | info    | The simulation finished successfully.
",
    timeFrontend = 7.756250000000001e-4,
    timeBackend = 7.830420000000001e-4,
    timeSimCode = 1.7887500000000002e-4,
    timeTemplates = 8.52e-4,
    timeCompile = 2.042483043,
    timeSimulation = 0.006955666,
    timeTotal = 2.052225168
end SimulationResult;
""
