true
""
CHECK_BEGIN

"Check of Cooling completed successfully.
Class Cooling has 1 equation(s) and 1 variable(s).
1 of these are trivial equation(s)."
""
CHECK_END

record SimulationResult
    resultFile = "/work/cooling_res.csv",
    simulationOptions = "startTime = 0.0, stopTime = 300.0, numberOfIntervals = 300, tolerance = 1e-7, method = 'dassl', fileNamePrefix = 'cooling', options = '', outputFormat = 'csv', variableFilter = '.*', cflags = '', simflags = ''",
    messages = "LOG_SUCCESS       | info    | The initialization finished successfully without homotopy method.
LOG_SUCCESS       | info    | The simulation finished successfully.
",
    timeFrontend = 7.08959e-4,
    timeBackend = 0.001196042,
    timeSimCode = 3.0825000000000004e-4,
    timeTemplates = 0.07570908300000001,
    timeCompile = 2.916441543,
    timeSimulation = 0.008816875,
    timeTotal = 3.003251877
end SimulationResult;
""
