true
""
CHECK_BEGIN

"Check of Cooling completed successfully.
Class Cooling has 1 equation(s) and 1 variable(s).
1 of these are trivial equation(s)."
""
CHECK_END

record SimulationResult
    resultFile = "",
    simulationOptions = "startTime = 0.0, stopTime = 300.0, numberOfIntervals = 300, tolerance = 1e-7, method = 'dassl', fileNamePrefix = 'cooling', options = '', outputFormat = 'csv', variableFilter = '.*', cflags = '', simflags = ''",
    messages = "Simulation execution failed for model: Cooling
/bin/sh: 1: /work/cooling: Permission denied
",
    timeFrontend = 6.189170000000001e-4,
    timeBackend = 0.001282458,
    timeSimCode = 2.8945800000000003e-4,
    timeTemplates = 0.001074791,
    timeCompile = 3.025724543,
    timeSimulation = 3.1466700000000003e-4,
    timeTotal = 3.029382543
end SimulationResult;
""
record SimulationResult
    resultFile = "",
    simulationOptions = "startTime = 0.0, stopTime = 300.0, numberOfIntervals = 300, tolerance = 1e-7, method = 'dassl', fileNamePrefix = 'validation', options = '', outputFormat = 'csv', variableFilter = '.*', cflags = '', simflags = '-override=C=2000,G=5'",
    messages = "Simulation execution failed for model: Cooling
/bin/sh: 1: /work/validation: Permission denied
",
    timeFrontend = 8.876670000000001e-4,
    timeBackend = 0.001175459,
    timeSimCode = 1.90167e-4,
    timeTemplates = 8.362090000000001e-4,
    timeCompile = 2.243925417,
    timeSimulation = 3.21917e-4,
    timeTotal = 2.247393376
end SimulationResult;
""
