false
"[/input/Cooling.mo:7:3-7:35:writable] Error: Parse error: A singleton expression in an equation section is required to be a function call
"
CHECK_BEGIN

""
"Error: Curl error for URL https://libraries.openmodelica.org/index/v1/index.json: Couldn't resolve host name
Error: Failed to download package index https://libraries.openmodelica.org/index/v1/index.json to file /tmp/.openmodelica/libraries/index.json.
Error: Curl error for URL https://libraries.openmodelica.org/index/v1/index.json: Couldn't resolve host name
Error: Failed to download package index https://libraries.openmodelica.org/index/v1/index.json to file /tmp/.openmodelica/libraries/index.json.
Error: Failed to load package Cooling (default) using MODELICAPATH /tmp/.openmodelica/libraries/.
Error: Class Cooling not found in scope <top>.
Error: Class Cooling not found in scope <TOP>.
"
CHECK_END

record SimulationResult
    resultFile = "",
    simulationOptions = "startTime = 0.0, stopTime = 300.0, numberOfIntervals = 300, tolerance = 1e-7, method = 'dassl', fileNamePrefix = 'cooling', options = '', outputFormat = 'csv', variableFilter = '.*', cflags = '', simflags = ''",
    messages = "Simulation Failed. Model: Cooling does not exist! Please load it first before simulation.",
    timeFrontend = 0.0,
    timeBackend = 0.0,
    timeSimCode = 0.0,
    timeTemplates = 0.0,
    timeCompile = 0.0,
    timeSimulation = 0.0,
    timeTotal = 0.0
end SimulationResult;
""
record SimulationResult
    resultFile = "",
    simulationOptions = "startTime = 0.0, stopTime = 300.0, numberOfIntervals = 300, tolerance = 1e-7, method = 'dassl', fileNamePrefix = 'validation', options = '', outputFormat = 'csv', variableFilter = '.*', cflags = '', simflags = '-override=C=2000,G=5'",
    messages = "Simulation Failed. Model: Cooling does not exist! Please load it first before simulation.",
    timeFrontend = 0.0,
    timeBackend = 0.0,
    timeSimCode = 0.0,
    timeTemplates = 0.0,
    timeCompile = 0.0,
    timeSimulation = 0.0,
    timeTotal = 0.0
end SimulationResult;
""
