true
""
CHECK_BEGIN

"Check of Cooling completed successfully.
Class Cooling has 1 equation(s) and 1 variable(s).
1 of these are trivial equation(s)."
""
CHECK_END

record SimulationResult
    resultFile = "/work/cooling_res.csv",
    simulationOptions = "startTime = 0.0, stopTime = 300.0, numberOfIntervals = 300, tolerance = 1e-7, method = 'dassl', fileNamePrefix = 'cooling', options = '', outputFormat = 'csv', variableFilter = '.*', cflags = '', simflags = ''",
    messages = "LOG_SUCCESS       | info    | The initialization finished successfully without homotopy method.
LOG_SUCCESS       | info    | The simulation finished successfully.
",
    timeFrontend = 7.48292e-4,
    timeBackend = 0.001050083,
    timeSimCode = 3.09459e-4,
    timeTemplates = 0.0010370420000000002,
    timeCompile = 2.3163372509999998,
    timeSimulation = 0.005751542,
    timeTotal = 2.325289793
end SimulationResult;
""
record SimulationResult
    resultFile = "/work/validation_res.csv",
    simulationOptions = "startTime = 0.0, stopTime = 300.0, numberOfIntervals = 300, tolerance = 1e-7, method = 'dassl', fileNamePrefix = 'validation', options = '', outputFormat = 'csv', variableFilter = '.*', cflags = '', simflags = '-override=C=2000,G=5'",
    messages = "LOG_SUCCESS       | info    | The initialization finished successfully without homotopy method.
LOG_SUCCESS       | info    | The simulation finished successfully.
",
    timeFrontend = 7.660000000000001e-4,
    timeBackend = 9.465000000000001e-4,
    timeSimCode = 1.88292e-4,
    timeTemplates = 0.001015833,
    timeCompile = 2.323818418,
    timeSimulation = 0.0060719170000000005,
    timeTotal = 2.332856459
end SimulationResult;
""
