true
""
CHECK_BEGIN

"Check of Cooling completed successfully.
Class Cooling has 1 equation(s) and 1 variable(s).
1 of these are trivial equation(s)."
""
CHECK_END

record SimulationResult
    resultFile = "",
    simulationOptions = "startTime = 0.0, stopTime = 300.0, numberOfIntervals = 300, tolerance = 1e-7, method = 'dassl', fileNamePrefix = 'cooling', options = '', outputFormat = 'csv', variableFilter = '.*', cflags = '', simflags = ''",
    messages = "Simulation execution failed for model: Cooling
LOG_INIT          | error   | The initialization problem is inconsistent due to the following equation: 0 != -40 = T_ambient - T
LOG_STDOUT        | warning | Error in initialization. Storing results and exiting.
|                 | |       | Use -lv=LOG_INIT -w for more information.
",
    timeFrontend = 5.527920000000001e-4,
    timeBackend = 9.40417e-4,
    timeSimCode = 2.5720800000000004e-4,
    timeTemplates = 9.2075e-4,
    timeCompile = 2.006413585,
    timeSimulation = 0.004917334000000001,
    timeTotal = 2.014047917
end SimulationResult;
"Warning: It was not possible to determine if the initialization problem is consistent, because of not evaluable parameters/start values during compile time: T = T_ambient ($START.T = T_ambient)
Warning: The initial conditions are over specified. For more information set -d=initialization. In OMEdit Tools->Options->Simulation->Show additional information from the initialization process, in OMNotebook call setCommandLineOptions(\"-d=initialization\").
"
record SimulationResult
    resultFile = "",
    simulationOptions = "startTime = 0.0, stopTime = 300.0, numberOfIntervals = 300, tolerance = 1e-7, method = 'dassl', fileNamePrefix = 'validation', options = '', outputFormat = 'csv', variableFilter = '.*', cflags = '', simflags = '-override=C=2000,G=5'",
    messages = "Simulation execution failed for model: Cooling
LOG_INIT          | error   | The initialization problem is inconsistent due to the following equation: 0 != -40 = T_ambient - T
LOG_STDOUT        | warning | Error in initialization. Storing results and exiting.
|                 | |       | Use -lv=LOG_INIT -w for more information.
",
    timeFrontend = 7.586250000000001e-4,
    timeBackend = 7.56e-4,
    timeSimCode = 1.93666e-4,
    timeTemplates = 7.88708e-4,
    timeCompile = 2.071895543,
    timeSimulation = 0.0053129580000000004,
    timeTotal = 2.079748209
end SimulationResult;
"Warning: It was not possible to determine if the initialization problem is consistent, because of not evaluable parameters/start values during compile time: T = T_ambient ($START.T = T_ambient)
Warning: The initial conditions are over specified. For more information set -d=initialization. In OMEdit Tools->Options->Simulation->Show additional information from the initialization process, in OMNotebook call setCommandLineOptions(\"-d=initialization\").
"
