true
""
CHECK_BEGIN

"Check of Cooling completed successfully.
Class Cooling has 1 equation(s) and 1 variable(s).
1 of these are trivial equation(s)."
""
CHECK_END

record SimulationResult
    resultFile = "/work/cooling_res.csv",
    simulationOptions = "startTime = 0.0, stopTime = 300.0, numberOfIntervals = 300, tolerance = 1e-7, method = 'dassl', fileNamePrefix = 'cooling', options = '', outputFormat = 'csv', variableFilter = '.*', cflags = '', simflags = ''",
    messages = "LOG_SUCCESS       | info    | The initialization finished successfully without homotopy method.
LOG_SUCCESS       | info    | The simulation finished successfully.
",
    timeFrontend = 6.1275e-4,
    timeBackend = 0.00149225,
    timeSimCode = 3.80791e-4,
    timeTemplates = 0.0011602090000000002,
    timeCompile = 2.547087127,
    timeSimulation = 0.006604833,
    timeTotal = 2.55741371
end SimulationResult;
""
record SimulationResult
    resultFile = "/work/validation_res.csv",
    simulationOptions = "startTime = 0.0, stopTime = 300.0, numberOfIntervals = 300, tolerance = 1e-7, method = 'dassl', fileNamePrefix = 'validation', options = '', outputFormat = 'csv', variableFilter = '.*', cflags = '', simflags = '-override=C=2000,G=5'",
    messages = "LOG_SUCCESS       | info    | The initialization finished successfully without homotopy method.
LOG_SUCCESS       | info    | The simulation finished successfully.
",
    timeFrontend = 7.324580000000001e-4,
    timeBackend = 9.458340000000001e-4,
    timeSimCode = 1.5720800000000002e-4,
    timeTemplates = 7.3775e-4,
    timeCompile = 2.182086626,
    timeSimulation = 0.005224083,
    timeTotal = 2.189929043
end SimulationResult;
""
